// Jest Snapshot v1, https://goo.gl/fbAQLP

exports[`<SuggestionCard /> Snapshot Should match with Snapshot 1`] = `
<div
  className="MuiPaper-root MuiPaper-elevation MuiPaper-rounded MuiPaper-elevation1 MuiCard-root makeStyles-suggestionCard-6 css-bhp9pd-MuiPaper-root-MuiCard-root"
>
  <div
    className="MuiAvatar-root MuiAvatar-circular makeStyles-cardAvatar-7 css-1wlk0hk-MuiAvatar-root"
  >
    <img
      alt="vishal"
      className="MuiAvatar-img css-1pqm26d-MuiAvatar-img"
      src="https://dummyurl.com/img"
    />
  </div>
  <div
    className="MuiCardContent-root css-46bh2p-MuiCardContent-root"
  >
    <div
      className="MuiTypography-root MuiTypography-h5 MuiTypography-gutterBottom css-do8s7i-MuiTypography-root"
    >
      vishal
    </div>
  </div>
  <div
    className="MuiCardActions-root MuiCardActions-spacing makeStyles-cardActions-8 css-1t6e9jv-MuiCardActions-root"
  >
    <a
      className="MuiTypography-root MuiTypography-inherit MuiLink-root MuiLink-underlineAlways makeStyles-cardLink-9 css-1iwtne7-MuiTypography-root-MuiLink-root"
      href="/user/vishal"
      onBlur={[Function]}
      onClick={[Function]}
      onFocus={[Function]}
    >
      View
    </a>
    <button
      className="MuiButtonBase-root MuiIconButton-root MuiIconButton-sizeMedium makeStyles-closeBtn-10 css-78trlr-MuiButtonBase-root-MuiIconButton-root"
      disabled={false}
      onBlur={[Function]}
      onClick={[Function]}
      onContextMenu={[Function]}
      onDragLeave={[Function]}
      onFocus={[Function]}
      onKeyDown={[Function]}
      onKeyUp={[Function]}
      onMouseDown={[Function]}
      onMouseLeave={[Function]}
      onMouseUp={[Function]}
      onTouchEnd={[Function]}
      onTouchMove={[Function]}
      onTouchStart={[Function]}
      tabIndex={0}
      type="button"
    >
      <svg
        aria-hidden={true}
        className="MuiSvgIcon-root MuiSvgIcon-fontSizeMedium css-i4bv87-MuiSvgIcon-root"
        data-testid="CloseIcon"
        focusable="false"
        viewBox="0 0 24 24"
      >
        <path
          d="M19 6.41 17.59 5 12 10.59 6.41 5 5 6.41 10.59 12 5 17.59 6.41 19 12 13.41 17.59 19 19 17.59 13.41 12z"
        />
      </svg>
    </button>
  </div>
</div>
`;
