// Jest Snapshot v1, https://goo.gl/fbAQLP

exports[`<UserSearch /> Snapshot Should match with Snapshot 1`] = `
<div
  className="MuiFormControl-root MuiTextField-root makeStyles-searchInput-4 css-1u3bzj6-MuiFormControl-root-MuiTextField-root"
>
  <div
    className="MuiOutlinedInput-root MuiInputBase-root MuiInputBase-colorPrimary MuiInputBase-formControl MuiInputBase-adornedStart css-1q6at85-MuiInputBase-root-MuiOutlinedInput-root"
    onClick={[Function]}
  >
    <div
      className="MuiInputAdornment-root MuiInputAdornment-positionStart MuiInputAdornment-outlined MuiInputAdornment-sizeMedium css-ittuaa-MuiInputAdornment-root"
    >
      <span
        className="notranslate"
        dangerouslySetInnerHTML={
          Object {
            "__html": "&#8203;",
          }
        }
      />
      <svg
        aria-hidden={true}
        className="MuiSvgIcon-root MuiSvgIcon-fontSizeMedium css-i4bv87-MuiSvgIcon-root"
        data-testid="SearchIcon"
        focusable="false"
        viewBox="0 0 24 24"
      >
        <path
          d="M15.5 14h-.79l-.28-.27C15.41 12.59 16 11.11 16 9.5 16 5.91 13.09 3 9.5 3S3 5.91 3 9.5 5.91 16 9.5 16c1.61 0 3.09-.59 4.23-1.57l.27.28v.79l5 4.99L20.49 19l-4.99-5zm-6 0C7.01 14 5 11.99 5 9.5S7.01 5 9.5 5 14 7.01 14 9.5 11.99 14 9.5 14z"
        />
      </svg>
    </div>
    <input
      aria-invalid={false}
      autoComplete="off"
      autoFocus={false}
      className="MuiOutlinedInput-input MuiInputBase-input MuiInputBase-inputTypeSearch MuiInputBase-inputAdornedStart css-qyuz5a-MuiInputBase-input-MuiOutlinedInput-input"
      disabled={false}
      name="search"
      onAnimationStart={[Function]}
      onBlur={[Function]}
      onChange={[Function]}
      onFocus={[Function]}
      placeholder="Search User"
      required={false}
      type="search"
    />
    <fieldset
      aria-hidden={true}
      className="MuiOutlinedInput-notchedOutline css-1d3z3hw-MuiOutlinedInput-notchedOutline"
    >
      <legend
        className="css-1a1ihhj"
      >
        <span
          className="notranslate"
          dangerouslySetInnerHTML={
            Object {
              "__html": "&#8203;",
            }
          }
        />
      </legend>
    </fieldset>
  </div>
</div>
`;
